#Set root
#find --set-root --ignore-floppies /easyPcRecovery/clonezilla/hotkey  
# clear the display to keep it clean!
clear
# allow text output from any future commands  so we can debug the menu items
debug on

#find windows drive
find /windows/explorer.exe  | set WDRV=
#find backup drive and set root
find --set-root /easyPcRecovery/clonezilla/live/vmlinuz | set BAKDRV=

# find source volume for Windows and our backup volume 
# should autodetect and use hda instead of sda if IDE HDD 
command /easyPcRecovery/menus/getDisks.g4b

#dont Use %LOCALES% by default...
#set LOCALES=locales="es_ES.UTF-8" keyboard-layouts="es"
set BOPT=boot=live quiet live-config noswap edd=on nomodeset ip=frommedia union=overlay nosplash 
#For clonezillas
set RUN=ocs_live_run="ocs-live-general" live-media-path=/easyPcRecovery/clonezilla/live bootfrom=/dev/%BAKDRV% toram=filesystem.squashfs
#For recovery/backup only
set PRERUN=ocs_prerun="mount /dev/%BAKDRV% /mnt" ocs_prerun1="mount --bind /mnt/easyPcRecovery/clonezilla/images /home/partimag/"


timeout 25
default 0

title ^F3 F3 Boot Windows XP
find --set-root --devices=h /ntldr
chainloader /ntldr


title ^F5 F5 Recover Windows XP Backup 
#dont fit locales
set RUN1=ocs_live_run="ocs-sr -c --batch -e1 auto -e2 -j2 -k -p reboot restoreparts ask_user %WDRV%"
kernel /easyPcRecovery/clonezilla/live/vmlinuz %BOPT% %RUN% %PRERUN% %RUN1% %LOCALES% ocs_live_batch="yes"
initrd /easyPcRecovery/clonezilla/live/initrd.img

title ^F6 F6 Backup Windows XP from %WDRV% to %BAKDRV%
#dont fit locales
set RUN1=ocs_live_run="ocs-sr -q2 -sc -rm-win-swap-hib -c --batch -j2 -z1 -i 2000 -p reboot saveparts ask_user %WDRV%"
kernel /easyPcRecovery/clonezilla/live/vmlinuz %BOPT% %RUN% %PRERUN% %RUN1% %LOCALES% ocs_live_batch="yes"
initrd /easyPcRecovery/clonezilla/live/initrd.img

title ^F7 F7 Boot clonezilla (manual)
kernel /easyPcRecovery/clonezilla/live/vmlinuz %LOCALES% %BOPT% %RUN% ocs_live_batch="no"
initrd /easyPcRecovery/clonezilla/live/initrd.img

title ^F8 F8 GParted live (partitioning)
set LOCALES=locales="es_ES.UTF-8" keyboard-layouts="es"
set RUN=live-media-path=/easyPcRecovery/gparted bootfrom=/dev/%BAKDRV% toram=filesystem.squashfs 
kernel /easyPcRecovery/gparted/vmlinuz %BOPT% %RUN% %LOCALES% gl_batch union=aufs
initrd /easyPcRecovery/gparted/initrd.img

title ^F9 F9 Extra Options (recovery console,Windows Vista/7,USB boot,Slitaz)
configfile /easyPcRecovery/menus/extras.lst
